---
source: tests/integration_tests.rs
expression: markdown
---
# Claude Code Conversation

**First Record:** 2025-01-15 12:00:00 UTC
**Last Record:** 2025-01-15 12:01:15 UTC
**Transcript Span:** 1m 15s

## Statistics
- **Messages (logical):** 6 (3 user, 3 assistant)
- **Work Tokens:** 255
- **Total Processed Tokens:** 255
- **Input Tokens:** 105
- **Output Tokens:** 150
- **Tool Invocations:** 0
- **Primary Model:** claude-sonnet-4-20250514
- **Estimated Cost:** $0.0026

---

## 👤 User *(2025-01-15 12:00:00 UTC)* 

What language should I learn?

## 🤖 Assistant *(2025-01-15 12:00:01 UTC)* 

That depends on your goals! Python is great for beginners and data science, while Rust is excellent for systems programming.


*Tokens: 15 in (incl. cache reads), 35 out*

## 👤 User *(2025-01-15 12:01:05 UTC)* 

Tell me more about Rust

## 🤖 Assistant *(2025-01-15 12:01:15 UTC)* 

Rust is a systems programming language known for:
- Memory safety without garbage collection
- Zero-cost abstractions
- Excellent concurrency support
- Growing ecosystem for web (Actix, Axum)


*Tokens: 45 in (incl. cache reads), 55 out*
